c:\Users\maf\cci1\Foxtrot\Tests\CheckerTests\CC1015.cs(6,18) : error CC1015: Return statement found in contract section.
